// Jest Snapshot v1, https://goo.gl/fbAQLP

exports[`CreateUserGoogle should match the snapshot 1`] = `
ShallowWrapper {
  Symbol(enzyme.__root__): [Circular],
  Symbol(enzyme.__unrendered__): <CreateUserGoogle />,
  Symbol(enzyme.__renderer__): Object {
    "batchedUpdates": [Function],
    "getNode": [Function],
    "render": [Function],
    "simulateError": [Function],
    "simulateEvent": [Function],
    "unmount": [Function],
  },
  Symbol(enzyme.__node__): Object {
    "instance": null,
    "key": undefined,
    "nodeType": "host",
    "props": Object {
      "children": <form
        className="create-user-form-google"
        onSubmit={[Function]}
      >
        <h1>
          Create Account
        </h1>
        <input
          className="input-fields-google"
          name="userName"
          onChange={[Function]}
          placeholder="User Name"
          type="text"
          value=""
        />
        <StateManager
          className="select-input"
          defaultInputValue=""
          defaultMenuIsOpen={false}
          defaultValue={null}
          onChange={[Function]}
          options={Array []}
          placeholder="Select your neighborhood"
          value=""
        />
        <t
          accessType="online"
          buttonText="Login with Google"
          clientId="603748791729-1qgv1pg7tl426jut42re2tnub34nu0hu.apps.googleusercontent.com"
          cookiePolicy="single_host_origin"
          disabled={true}
          disabledStyle={
            Object {
              "opacity": 0.6,
            }
          }
          fetchBasicProfile={true}
          isSignedIn={false}
          jsSrc="https://apis.google.com/js/client:platform.js"
          onClick={[Function]}
          onFailure={[Function]}
          onRequest={[Function]}
          onSuccess={[Function]}
          prompt=""
          scope="profile email"
          tag="button"
          type="button"
          uxMode="popup"
        />
      </form>,
      "className": "create-user-section",
    },
    "ref": null,
    "rendered": Object {
      "instance": null,
      "key": undefined,
      "nodeType": "host",
      "props": Object {
        "children": Array [
          <h1>
            Create Account
          </h1>,
          <input
            className="input-fields-google"
            name="userName"
            onChange={[Function]}
            placeholder="User Name"
            type="text"
            value=""
          />,
          <StateManager
            className="select-input"
            defaultInputValue=""
            defaultMenuIsOpen={false}
            defaultValue={null}
            onChange={[Function]}
            options={Array []}
            placeholder="Select your neighborhood"
            value=""
          />,
          <t
            accessType="online"
            buttonText="Login with Google"
            clientId="603748791729-1qgv1pg7tl426jut42re2tnub34nu0hu.apps.googleusercontent.com"
            cookiePolicy="single_host_origin"
            disabled={true}
            disabledStyle={
              Object {
                "opacity": 0.6,
              }
            }
            fetchBasicProfile={true}
            isSignedIn={false}
            jsSrc="https://apis.google.com/js/client:platform.js"
            onClick={[Function]}
            onFailure={[Function]}
            onRequest={[Function]}
            onSuccess={[Function]}
            prompt=""
            scope="profile email"
            tag="button"
            type="button"
            uxMode="popup"
          />,
        ],
        "className": "create-user-form-google",
        "onSubmit": [Function],
      },
      "ref": null,
      "rendered": Array [
        Object {
          "instance": null,
          "key": undefined,
          "nodeType": "host",
          "props": Object {
            "children": "Create Account",
          },
          "ref": null,
          "rendered": "Create Account",
          "type": "h1",
        },
        Object {
          "instance": null,
          "key": undefined,
          "nodeType": "host",
          "props": Object {
            "className": "input-fields-google",
            "name": "userName",
            "onChange": [Function],
            "placeholder": "User Name",
            "type": "text",
            "value": "",
          },
          "ref": null,
          "rendered": null,
          "type": "input",
        },
        Object {
          "instance": null,
          "key": undefined,
          "nodeType": "class",
          "props": Object {
            "className": "select-input",
            "defaultInputValue": "",
            "defaultMenuIsOpen": false,
            "defaultValue": null,
            "onChange": [Function],
            "options": Array [],
            "placeholder": "Select your neighborhood",
            "value": "",
          },
          "ref": null,
          "rendered": null,
          "type": [Function],
        },
        Object {
          "instance": null,
          "key": undefined,
          "nodeType": "class",
          "props": Object {
            "accessType": "online",
            "buttonText": "Login with Google",
            "clientId": "603748791729-1qgv1pg7tl426jut42re2tnub34nu0hu.apps.googleusercontent.com",
            "cookiePolicy": "single_host_origin",
            "disabled": true,
            "disabledStyle": Object {
              "opacity": 0.6,
            },
            "fetchBasicProfile": true,
            "isSignedIn": false,
            "jsSrc": "https://apis.google.com/js/client:platform.js",
            "onClick": [Function],
            "onFailure": [Function],
            "onRequest": [Function],
            "onSuccess": [Function],
            "prompt": "",
            "scope": "profile email",
            "tag": "button",
            "type": "button",
            "uxMode": "popup",
          },
          "ref": null,
          "rendered": null,
          "type": [Function],
        },
      ],
      "type": "form",
    },
    "type": "div",
  },
  Symbol(enzyme.__nodes__): Array [
    Object {
      "instance": null,
      "key": undefined,
      "nodeType": "host",
      "props": Object {
        "children": <form
          className="create-user-form-google"
          onSubmit={[Function]}
        >
          <h1>
            Create Account
          </h1>
          <input
            className="input-fields-google"
            name="userName"
            onChange={[Function]}
            placeholder="User Name"
            type="text"
            value=""
          />
          <StateManager
            className="select-input"
            defaultInputValue=""
            defaultMenuIsOpen={false}
            defaultValue={null}
            onChange={[Function]}
            options={Array []}
            placeholder="Select your neighborhood"
            value=""
          />
          <t
            accessType="online"
            buttonText="Login with Google"
            clientId="603748791729-1qgv1pg7tl426jut42re2tnub34nu0hu.apps.googleusercontent.com"
            cookiePolicy="single_host_origin"
            disabled={true}
            disabledStyle={
              Object {
                "opacity": 0.6,
              }
            }
            fetchBasicProfile={true}
            isSignedIn={false}
            jsSrc="https://apis.google.com/js/client:platform.js"
            onClick={[Function]}
            onFailure={[Function]}
            onRequest={[Function]}
            onSuccess={[Function]}
            prompt=""
            scope="profile email"
            tag="button"
            type="button"
            uxMode="popup"
          />
        </form>,
        "className": "create-user-section",
      },
      "ref": null,
      "rendered": Object {
        "instance": null,
        "key": undefined,
        "nodeType": "host",
        "props": Object {
          "children": Array [
            <h1>
              Create Account
            </h1>,
            <input
              className="input-fields-google"
              name="userName"
              onChange={[Function]}
              placeholder="User Name"
              type="text"
              value=""
            />,
            <StateManager
              className="select-input"
              defaultInputValue=""
              defaultMenuIsOpen={false}
              defaultValue={null}
              onChange={[Function]}
              options={Array []}
              placeholder="Select your neighborhood"
              value=""
            />,
            <t
              accessType="online"
              buttonText="Login with Google"
              clientId="603748791729-1qgv1pg7tl426jut42re2tnub34nu0hu.apps.googleusercontent.com"
              cookiePolicy="single_host_origin"
              disabled={true}
              disabledStyle={
                Object {
                  "opacity": 0.6,
                }
              }
              fetchBasicProfile={true}
              isSignedIn={false}
              jsSrc="https://apis.google.com/js/client:platform.js"
              onClick={[Function]}
              onFailure={[Function]}
              onRequest={[Function]}
              onSuccess={[Function]}
              prompt=""
              scope="profile email"
              tag="button"
              type="button"
              uxMode="popup"
            />,
          ],
          "className": "create-user-form-google",
          "onSubmit": [Function],
        },
        "ref": null,
        "rendered": Array [
          Object {
            "instance": null,
            "key": undefined,
            "nodeType": "host",
            "props": Object {
              "children": "Create Account",
            },
            "ref": null,
            "rendered": "Create Account",
            "type": "h1",
          },
          Object {
            "instance": null,
            "key": undefined,
            "nodeType": "host",
            "props": Object {
              "className": "input-fields-google",
              "name": "userName",
              "onChange": [Function],
              "placeholder": "User Name",
              "type": "text",
              "value": "",
            },
            "ref": null,
            "rendered": null,
            "type": "input",
          },
          Object {
            "instance": null,
            "key": undefined,
            "nodeType": "class",
            "props": Object {
              "className": "select-input",
              "defaultInputValue": "",
              "defaultMenuIsOpen": false,
              "defaultValue": null,
              "onChange": [Function],
              "options": Array [],
              "placeholder": "Select your neighborhood",
              "value": "",
            },
            "ref": null,
            "rendered": null,
            "type": [Function],
          },
          Object {
            "instance": null,
            "key": undefined,
            "nodeType": "class",
            "props": Object {
              "accessType": "online",
              "buttonText": "Login with Google",
              "clientId": "603748791729-1qgv1pg7tl426jut42re2tnub34nu0hu.apps.googleusercontent.com",
              "cookiePolicy": "single_host_origin",
              "disabled": true,
              "disabledStyle": Object {
                "opacity": 0.6,
              },
              "fetchBasicProfile": true,
              "isSignedIn": false,
              "jsSrc": "https://apis.google.com/js/client:platform.js",
              "onClick": [Function],
              "onFailure": [Function],
              "onRequest": [Function],
              "onSuccess": [Function],
              "prompt": "",
              "scope": "profile email",
              "tag": "button",
              "type": "button",
              "uxMode": "popup",
            },
            "ref": null,
            "rendered": null,
            "type": [Function],
          },
        ],
        "type": "form",
      },
      "type": "div",
    },
  ],
  Symbol(enzyme.__options__): Object {
    "adapter": ReactSixteenAdapter {
      "options": Object {
        "enableComponentDidUpdateOnSetState": true,
        "lifecycles": Object {
          "componentDidUpdate": Object {
            "onSetState": true,
          },
          "getDerivedStateFromProps": true,
          "getSnapshotBeforeUpdate": true,
          "setState": Object {
            "skipsComponentDidUpdateOnNullish": true,
          },
        },
      },
    },
  },
}
`;
