// Jest Snapshot v1, https://goo.gl/fbAQLP

exports[`SignIn should match the snapshot 1`] = `
ShallowWrapper {
  Symbol(enzyme.__root__): [Circular],
  Symbol(enzyme.__unrendered__): <SignIn />,
  Symbol(enzyme.__renderer__): Object {
    "batchedUpdates": [Function],
    "getNode": [Function],
    "render": [Function],
    "simulateError": [Function],
    "simulateEvent": [Function],
    "unmount": [Function],
  },
  Symbol(enzyme.__node__): Object {
    "instance": null,
    "key": undefined,
    "nodeType": "host",
    "props": Object {
      "children": <form
        className="sign-in-form"
      >
        <h1>
          Sign In
        </h1>
        <input
          className="signin-input-fields"
          name="userName"
          onChange={[Function]}
          placeholder="user name"
          type="text"
          value=""
        />
        <input
          className="signin-input-fields"
          name="password"
          onChange={[Function]}
          placeholder="password"
          type="password"
          value=""
        />
        <button
          className="sign-in-button"
          onClick={[Function]}
        >
          Sign In
        </button>
        <span>
          OR
        </span>
        <t
          accessType="online"
          buttonText="Login with Google"
          clientId="603748791729-1qgv1pg7tl426jut42re2tnub34nu0hu.apps.googleusercontent.com"
          cookiePolicy="single_host_origin"
          disabledStyle={
            Object {
              "opacity": 0.6,
            }
          }
          fetchBasicProfile={true}
          isSignedIn={false}
          jsSrc="https://apis.google.com/js/client:platform.js"
          onClick={[Function]}
          onFailure={[Function]}
          onRequest={[Function]}
          onSuccess={[Function]}
          prompt=""
          scope="profile email"
          tag="button"
          type="button"
          uxMode="popup"
        />
      </form>,
      "className": "sign-in-section",
    },
    "ref": null,
    "rendered": Object {
      "instance": null,
      "key": undefined,
      "nodeType": "host",
      "props": Object {
        "children": Array [
          <h1>
            Sign In
          </h1>,
          <input
            className="signin-input-fields"
            name="userName"
            onChange={[Function]}
            placeholder="user name"
            type="text"
            value=""
          />,
          <input
            className="signin-input-fields"
            name="password"
            onChange={[Function]}
            placeholder="password"
            type="password"
            value=""
          />,
          <button
            className="sign-in-button"
            onClick={[Function]}
          >
            Sign In
          </button>,
          <span>
            OR
          </span>,
          <t
            accessType="online"
            buttonText="Login with Google"
            clientId="603748791729-1qgv1pg7tl426jut42re2tnub34nu0hu.apps.googleusercontent.com"
            cookiePolicy="single_host_origin"
            disabledStyle={
              Object {
                "opacity": 0.6,
              }
            }
            fetchBasicProfile={true}
            isSignedIn={false}
            jsSrc="https://apis.google.com/js/client:platform.js"
            onClick={[Function]}
            onFailure={[Function]}
            onRequest={[Function]}
            onSuccess={[Function]}
            prompt=""
            scope="profile email"
            tag="button"
            type="button"
            uxMode="popup"
          />,
        ],
        "className": "sign-in-form",
        "onSubmit": undefined,
      },
      "ref": null,
      "rendered": Array [
        Object {
          "instance": null,
          "key": undefined,
          "nodeType": "host",
          "props": Object {
            "children": "Sign In",
          },
          "ref": null,
          "rendered": "Sign In",
          "type": "h1",
        },
        Object {
          "instance": null,
          "key": undefined,
          "nodeType": "host",
          "props": Object {
            "className": "signin-input-fields",
            "name": "userName",
            "onChange": [Function],
            "placeholder": "user name",
            "type": "text",
            "value": "",
          },
          "ref": null,
          "rendered": null,
          "type": "input",
        },
        Object {
          "instance": null,
          "key": undefined,
          "nodeType": "host",
          "props": Object {
            "className": "signin-input-fields",
            "name": "password",
            "onChange": [Function],
            "placeholder": "password",
            "type": "password",
            "value": "",
          },
          "ref": null,
          "rendered": null,
          "type": "input",
        },
        Object {
          "instance": null,
          "key": undefined,
          "nodeType": "host",
          "props": Object {
            "children": "Sign In",
            "className": "sign-in-button",
            "onClick": [Function],
          },
          "ref": null,
          "rendered": "Sign In",
          "type": "button",
        },
        Object {
          "instance": null,
          "key": undefined,
          "nodeType": "host",
          "props": Object {
            "children": "OR",
          },
          "ref": null,
          "rendered": "OR",
          "type": "span",
        },
        Object {
          "instance": null,
          "key": undefined,
          "nodeType": "class",
          "props": Object {
            "accessType": "online",
            "buttonText": "Login with Google",
            "clientId": "603748791729-1qgv1pg7tl426jut42re2tnub34nu0hu.apps.googleusercontent.com",
            "cookiePolicy": "single_host_origin",
            "disabledStyle": Object {
              "opacity": 0.6,
            },
            "fetchBasicProfile": true,
            "isSignedIn": false,
            "jsSrc": "https://apis.google.com/js/client:platform.js",
            "onClick": [Function],
            "onFailure": [Function],
            "onRequest": [Function],
            "onSuccess": [Function],
            "prompt": "",
            "scope": "profile email",
            "tag": "button",
            "type": "button",
            "uxMode": "popup",
          },
          "ref": null,
          "rendered": null,
          "type": [Function],
        },
      ],
      "type": "form",
    },
    "type": "div",
  },
  Symbol(enzyme.__nodes__): Array [
    Object {
      "instance": null,
      "key": undefined,
      "nodeType": "host",
      "props": Object {
        "children": <form
          className="sign-in-form"
        >
          <h1>
            Sign In
          </h1>
          <input
            className="signin-input-fields"
            name="userName"
            onChange={[Function]}
            placeholder="user name"
            type="text"
            value=""
          />
          <input
            className="signin-input-fields"
            name="password"
            onChange={[Function]}
            placeholder="password"
            type="password"
            value=""
          />
          <button
            className="sign-in-button"
            onClick={[Function]}
          >
            Sign In
          </button>
          <span>
            OR
          </span>
          <t
            accessType="online"
            buttonText="Login with Google"
            clientId="603748791729-1qgv1pg7tl426jut42re2tnub34nu0hu.apps.googleusercontent.com"
            cookiePolicy="single_host_origin"
            disabledStyle={
              Object {
                "opacity": 0.6,
              }
            }
            fetchBasicProfile={true}
            isSignedIn={false}
            jsSrc="https://apis.google.com/js/client:platform.js"
            onClick={[Function]}
            onFailure={[Function]}
            onRequest={[Function]}
            onSuccess={[Function]}
            prompt=""
            scope="profile email"
            tag="button"
            type="button"
            uxMode="popup"
          />
        </form>,
        "className": "sign-in-section",
      },
      "ref": null,
      "rendered": Object {
        "instance": null,
        "key": undefined,
        "nodeType": "host",
        "props": Object {
          "children": Array [
            <h1>
              Sign In
            </h1>,
            <input
              className="signin-input-fields"
              name="userName"
              onChange={[Function]}
              placeholder="user name"
              type="text"
              value=""
            />,
            <input
              className="signin-input-fields"
              name="password"
              onChange={[Function]}
              placeholder="password"
              type="password"
              value=""
            />,
            <button
              className="sign-in-button"
              onClick={[Function]}
            >
              Sign In
            </button>,
            <span>
              OR
            </span>,
            <t
              accessType="online"
              buttonText="Login with Google"
              clientId="603748791729-1qgv1pg7tl426jut42re2tnub34nu0hu.apps.googleusercontent.com"
              cookiePolicy="single_host_origin"
              disabledStyle={
                Object {
                  "opacity": 0.6,
                }
              }
              fetchBasicProfile={true}
              isSignedIn={false}
              jsSrc="https://apis.google.com/js/client:platform.js"
              onClick={[Function]}
              onFailure={[Function]}
              onRequest={[Function]}
              onSuccess={[Function]}
              prompt=""
              scope="profile email"
              tag="button"
              type="button"
              uxMode="popup"
            />,
          ],
          "className": "sign-in-form",
          "onSubmit": undefined,
        },
        "ref": null,
        "rendered": Array [
          Object {
            "instance": null,
            "key": undefined,
            "nodeType": "host",
            "props": Object {
              "children": "Sign In",
            },
            "ref": null,
            "rendered": "Sign In",
            "type": "h1",
          },
          Object {
            "instance": null,
            "key": undefined,
            "nodeType": "host",
            "props": Object {
              "className": "signin-input-fields",
              "name": "userName",
              "onChange": [Function],
              "placeholder": "user name",
              "type": "text",
              "value": "",
            },
            "ref": null,
            "rendered": null,
            "type": "input",
          },
          Object {
            "instance": null,
            "key": undefined,
            "nodeType": "host",
            "props": Object {
              "className": "signin-input-fields",
              "name": "password",
              "onChange": [Function],
              "placeholder": "password",
              "type": "password",
              "value": "",
            },
            "ref": null,
            "rendered": null,
            "type": "input",
          },
          Object {
            "instance": null,
            "key": undefined,
            "nodeType": "host",
            "props": Object {
              "children": "Sign In",
              "className": "sign-in-button",
              "onClick": [Function],
            },
            "ref": null,
            "rendered": "Sign In",
            "type": "button",
          },
          Object {
            "instance": null,
            "key": undefined,
            "nodeType": "host",
            "props": Object {
              "children": "OR",
            },
            "ref": null,
            "rendered": "OR",
            "type": "span",
          },
          Object {
            "instance": null,
            "key": undefined,
            "nodeType": "class",
            "props": Object {
              "accessType": "online",
              "buttonText": "Login with Google",
              "clientId": "603748791729-1qgv1pg7tl426jut42re2tnub34nu0hu.apps.googleusercontent.com",
              "cookiePolicy": "single_host_origin",
              "disabledStyle": Object {
                "opacity": 0.6,
              },
              "fetchBasicProfile": true,
              "isSignedIn": false,
              "jsSrc": "https://apis.google.com/js/client:platform.js",
              "onClick": [Function],
              "onFailure": [Function],
              "onRequest": [Function],
              "onSuccess": [Function],
              "prompt": "",
              "scope": "profile email",
              "tag": "button",
              "type": "button",
              "uxMode": "popup",
            },
            "ref": null,
            "rendered": null,
            "type": [Function],
          },
        ],
        "type": "form",
      },
      "type": "div",
    },
  ],
  Symbol(enzyme.__options__): Object {
    "adapter": ReactSixteenAdapter {
      "options": Object {
        "enableComponentDidUpdateOnSetState": true,
        "lifecycles": Object {
          "componentDidUpdate": Object {
            "onSetState": true,
          },
          "getDerivedStateFromProps": true,
          "getSnapshotBeforeUpdate": true,
          "setState": Object {
            "skipsComponentDidUpdateOnNullish": true,
          },
        },
      },
    },
  },
}
`;
